----------------------------------------------------------------------
Beginning MPAS-init_atmosphere Output Log File for task       0 of     128
    Opened at 2026/05/15 19:13:38
----------------------------------------------------------------------

 
 MPAS Init-Atmosphere Version 8.2.1
 
 
 Output from 'git describe --dirty': v8.2.1
 
 Compile-time options:
   Build target: GNU
   OpenMP support: no
   OpenACC support: no
   Default real precision: double
   Compiler flags: optimize
   I/O layer: PIO 2.x
 
 Run-time settings:
   MPI task count: 128
 
 Reading namelist from file namelist.init_atmosphere
 *** Encountered an issue while attempting to read namelist record interpolation_control
     The following values will be used for variables in this record:
 
         config_extrap_airtemp = lapse-rate
 
 *** Encountered an issue while attempting to read namelist record physics
     The following values will be used for variables in this record:
 
         config_tsk_seaice_threshold = 100.000000000000
 
 
 ----- I/O task configuration: -----
 
     I/O task count  = 128
     I/O task stride = 1
 
 Initializing MPAS_streamInfo from file streams.init_atmosphere
 Reading streams configuration from file streams.init_atmosphere
 Found mesh stream with filename template x1.163842.static.nc
 Using default io_type for mesh stream
  ** Attempting to bootstrap MPAS framework using stream: input
 Bootstrapping framework with mesh fields from input file 'x1.163842.static.nc'
  * Requested field scalars is deactivated due to packages, or is a scratch variable.
  * Requested field u_init is deactivated due to packages, or is a scratch variable.
  * Requested field v_init is deactivated due to packages, or is a scratch variable.
  * Requested field t_init is deactivated due to packages, or is a scratch variable.
  * Requested field qv_init is deactivated due to packages, or is a scratch variable.
  * Requested field u is deactivated due to packages, or is a scratch variable.
  * Requested field w is deactivated due to packages, or is a scratch variable.
  * Requested field dz is deactivated due to packages, or is a scratch variable.
  * Requested field dzs is deactivated due to packages, or is a scratch variable.
  * Requested field zs is deactivated due to packages, or is a scratch variable.
  * Requested field sh2o is deactivated due to packages, or is a scratch variable.
  * Requested field smois is deactivated due to packages, or is a scratch variable.
  * Requested field tslb is deactivated due to packages, or is a scratch variable.
  * Requested field tmn is deactivated due to packages, or is a scratch variable.
  * Requested field skintemp is deactivated due to packages, or is a scratch variable.
  * Requested field sst is deactivated due to packages, or is a scratch variable.
  * Requested field snow is deactivated due to packages, or is a scratch variable.
  * Requested field snowc is deactivated due to packages, or is a scratch variable.
  * Requested field snowh is deactivated due to packages, or is a scratch variable.
  * Requested field xice is deactivated due to packages, or is a scratch variable.
  * Requested field seaice is deactivated due to packages, or is a scratch variable.
  * Requested field vegfra is deactivated due to packages, or is a scratch variable.
  * Requested field sfc_albbck is deactivated due to packages, or is a scratch variable.
  * Requested field xland is deactivated due to packages, or is a scratch variable.
  * Requested field rho is deactivated due to packages, or is a scratch variable.
  * Requested field theta is deactivated due to packages, or is a scratch variable.
  * Requested field relhum is deactivated due to packages, or is a scratch variable.
  * Requested field rho_base is deactivated due to packages, or is a scratch variable.
  * Requested field theta_base is deactivated due to packages, or is a scratch variable.
  * Requested field surface_pressure is deactivated due to packages, or is a scratch variable.
  * Requested field precipw is deactivated due to packages, or is a scratch variable.
  * Requested field h_oml_initial is deactivated due to packages, or is a scratch variable.
  * Requested field u10 is deactivated due to packages, or is a scratch variable.
  * Requested field v10 is deactivated due to packages, or is a scratch variable.
  * Requested field q2 is deactivated due to packages, or is a scratch variable.
  * Requested field rh2 is deactivated due to packages, or is a scratch variable.
  * Requested field t2m is deactivated due to packages, or is a scratch variable.
  * Requested field sst is deactivated due to packages, or is a scratch variable.
  * Requested field xice is deactivated due to packages, or is a scratch variable.
  * Requested field lbc_scalars is deactivated due to packages, or is a scratch variable.
  * Requested field lbc_u is deactivated due to packages, or is a scratch variable.
  * Requested field lbc_w is deactivated due to packages, or is a scratch variable.
  * Requested field lbc_rho is deactivated due to packages, or is a scratch variable.
  * Requested field lbc_theta is deactivated due to packages, or is a scratch variable.
 
Parsing run-time I/O configuration from streams.init_atmosphere ...
 
 -----  found immutable stream "input" in streams.init_atmosphere  -----
         filename template:  x1.163842.static.nc
         filename interval:  none
         direction:          input
         reference time:     initial_time
         record interval:    -
         input alarm:        initial_only
 
 -----  found immutable stream "output" in streams.init_atmosphere  -----
         filename template:  x1.163842.invariant.nc
         filename interval:  none
         I/O type:           Parallel-NetCDF (CDF-5, large variable support)
         direction:          output
         reference time:     initial_time
         record interval:    -
         output alarm:       initial_only
         package:            initial_conds

 
 ----- done parsing run-time I/O from streams.init_atmosphere -----

  ** Validating streams
 
 
 Reading dimensions from input streams ...
 
 ----- reading dimensions from stream 'input' using file x1.163842.static.nc
        nCells = 163842
        nEdges = 491520
        nVertices = 327680
        TWO = 2
        maxEdges = 10
        maxEdges2 = 20
        vertexDegree = 3
        R3 = 3
        nMonths = 12
        nSoilComps = 8
        FIFTEEN = 15
 
 ----- done reading dimensions from input streams -----
 
 
 Processing decomposed dimensions ...
 
  ----- done processing decomposed dimensions -----
 
 
 Assigning remaining dimensions from definitions in Registry.xml ...
        THREE = 3
        TWENTYONE = 21
        nVertLevels = 55 (config_nvertlevels)
        nSoilLevels = 4 (config_nsoillevels)
        nFGLevels = 38 (config_nfglevels)
        nFGSoilLevels = 4 (config_nfgsoillevels)
        nVertLevelsP1 = 56
        nGocartLevels = 30 (config_gocartlevels)
 
  ----- done assigning dimensions from Registry.xml -----
 
 
 Allocating fields ...
  19 MB allocated for fields on this task
  2397 MB total allocated for fields across all tasks
  ----- done allocating fields -----
 
  real-data GFS test case
 Using option 'lapse-rate' for vertical extrapolation of temperature
 max ter = 5508.17082163639
 Setting up vertical levels as in 2014 TC experiments
 
 --- config_tc_vertical_grid = T
 --- als   = 0.750000000000000E-01
 --- alt   = 1.70000000000000
 --- zetal = 0.750000000000000
 
 1 0.00000000000000 1.00000000000000
 2 46.9369730361466 0.999981880543823
 3 106.239585942065 0.999907173212672
 4 178.372652141247 0.999738347716491
 5 263.800985057184 0.999427782875908
 6 362.989398113365 0.998916828522787
 7 476.402704733284 0.998134880516894
 8 604.505718340429 0.996998493628019
 9 747.763252358294 0.995410564912612
 10 906.640120210369 0.993259629478175
 11 1081.60113532014 0.990419321169535
 12 1273.11111111111 0.986748062621584
 13 1481.63486100676 0.982089062055763
 14 1707.63719843059 0.976270707715566
 15 1951.58293680608 0.969107464256883
 16 2213.93688955673 0.960401387740036
 17 2495.16387010602 0.949944385747343
 18 2795.72869187745 0.937521354776954
 19 3116.09616829452 0.922914326171071
 20 3456.73111278070 0.905907741670994
 21 3818.09833875950 0.886294957056537
 22 4200.66265965440 0.863886033703542
 23 4604.88888888889 0.838516819665014
 24 5031.24183988647 0.810059240706251
 25 5480.18632607063 0.778432615075086
 26 5952.18716086485 0.743615672692182
 27 6447.70915769263 0.705658801425632
 28 6967.21712997746 0.664695865303213
 29 7511.17589114284 0.620954751874755
 30 8080.05025461224 0.574765624419452
 31 8674.30503380917 0.526565702129059
 32 9294.40504215712 0.476899297760726
 33 9940.81509307956 0.426411843868447
 34 10614.0000000000 0.375836775910952
 35 11314.4245763419 0.325974453170923
 36 12042.5536355289 0.277662818993108
 37 12798.8519909842 0.231740245901469
 38 13583.7844561316 0.189001965528853
 39 14397.8158443944 0.150152593394577
 40 15241.4109691961 0.115758416999826
 41 16115.0346439603 0.862041558627387E-01
 42 17019.1516821104 0.616596014783140E-01
 43 17945.4545454545 0.422206134684788E-01
 44 18872.7272727273 0.277458661906918E-01
 45 19800.0000000000 0.173987764696426E-01
 46 20727.2727272727 0.103286688074047E-01
 47 21654.5454545455 0.574424802819415E-02
 48 22581.8181818182 0.295068938794838E-02
 49 23509.0909090909 0.137235436954317E-02
 50 24436.3636363636 0.561285876944062E-03
 51 25363.6363636364 0.192935573214365E-03
 52 26290.9090909091 0.516649317505359E-04
 53 27218.1818181818 0.934854131448420E-05
 54 28145.4545454545 0.830463051752906E-06
 55 29072.7272727273 0.130681110652606E-07
 56 30000.0000000000 0.00000000000000
  interface_projection is linear_interpolation
 2 33 0.220307943779595E-06 0.997740725030667
 3 34 0.112868496211415E-05 0.992376966675405
 4 35 0.318168030319024E-05 0.985234158423647
 5 36 0.695909597171404E-05 0.976121558711887
 6 37 0.131761303142703E-04 0.964829793389775
 7 38 0.226959537077188E-04 0.951139631897575
 8 39 0.365427163506278E-04 0.934831205355755
 9 40 0.559149881577454E-04 0.915696359022779
 10 41 0.821996307575072E-04 0.893555997966526
 11 42 0.116986101592583E-03 0.868284000491303
 12 43 0.162081190123457E-03 0.839838891643763
 13 44 0.219524186135053E-03 0.808303625014916
 14 45 0.291602480146387E-03 0.773932193154008
 15 46 0.380867595923264E-03 0.737199111004751
 16 47 0.490151655094011E-03 0.698600856210702
 17 48 0.622584273868246E-03 0.659173001767240
 18 49 0.781609891858683E-03 0.618990545416853
 19 50 0.971005533005978E-03 0.581192378699166
 20 51 0.119489899860661E-02 0.547797598321658
 21 52 0.145778749244380E-02 0.520004342035679
 22 53 0.176455667802148E-02 0.496610054675705
 23 54 0.212050016790124E-02 0.480475541179619
 24 55 0.253133944514242E-02 0.472934834823364
 25 56 0.300324421684515E-02 0.476772738735522
 26 57 0.354285319979644E-02 0.491636254146175
 27 58 0.415729533821935E-02 0.497599318906531
 28 59 0.485421145362514E-02 0.498849775628828
 29 60 0.564177632676854E-02 0.502791345963996
 30 61 0.652872121170594E-02 0.509499126090207
 31 62 0.752435678195672E-02 0.522714698817987
 32 63 0.863859650876756E-02 0.536180407791094
 33 64 0.988198047147985E-02 0.557148456981349
 34 65 0.100000000000000E-01 0.587880396490010
 35 66 0.100000000000000E-01 0.622405904914679
 36 67 0.100000000000000E-01 0.656092986686922
 37 68 0.100000000000000E-01 0.691141640713856
 38 69 0.100000000000000E-01 0.725113450202291
 39 70 0.100000000000000E-01 0.760085541182554
 40 71 0.100000000000000E-01 0.796010413255916
 41 72 0.100000000000000E-01 0.831654770476230
 42 73 0.100000000000000E-01 0.865750284059136
 43 74 0.100000000000000E-01 0.896912467622029
 44 75 0.100000000000000E-01 0.923846054391911
 45 76 0.100000000000000E-01 0.945970671672732
 46 77 0.100000000000000E-01 0.963379542403178
 47 78 0.100000000000000E-01 0.976457139279550
 48 79 0.100000000000000E-01 0.985778473339081
 49 80 0.100000000000000E-01 0.992037455132332
 50 81 0.100000000000000E-01 0.995946311116848
 51 82 0.100000000000000E-01 0.998175948855472
 52 83 0.100000000000000E-01 0.999306898178391
 53 84 0.100000000000000E-01 0.999794322772410
 54 85 0.100000000000000E-01 0.999958983328755
 55 86 0.100000000000000E-01 0.999996099761848
  grid metrics setup complete
 
 ********************************************************
    Finished running the init_atmosphere core
 ********************************************************
 
 
  Timer information:
     Globals are computed across all threads and processors
 
  Columns:
     total time: Global max of accumulated time spent in timer
     calls: Total number of times this timer was started / stopped.
     min: Global min of time spent in a single start / stop
     max: Global max of time spent in a single start / stop
     avg: Global max of average time spent in a single start / stop
     pct_tot: Percent of the timer at level 1
     pct_par: Percent of the parent timer (one level up)
     par_eff: Parallel efficiency, global average total time / global max total time
 
 
    timer_name                                            total       calls        min            max            avg      pct_tot   pct_par     par_eff
  1 total time                                           4.16334         1        4.15437        4.16334        4.16071   100.00       0.00       1.00
  2  initialize                                          1.75211         1        1.74039        1.75211        1.74682    42.08      42.08       1.00
 
 -----------------------------------------
 Total log messages printed:
    Output messages =                  291
    Warning messages =                   0
    Error messages =                     0
    Critical error messages =            0
 -----------------------------------------
 Logging complete.  Closing file at 2026/05/15 19:13:43
